[0]	ghij,ghij	-->	
[1]	
[2]	bcde,bcde	-->	
[3]	
[4]	
[5]	hijl,hijl	-->	
[6]	cdef,cdef	-->	
[7]	
[8]	
[9]	
[10]	defg,defg	-->	ijlm,ijlm	-->	
[11]	
[12]	
[13]	
[14]	efgh,efgh	-->	
[15]	jlmn,jlmn	-->	
[16]	
[17]	
[18]	fghi,fghi	-->	
[19]	
[20]	abcd,abcd	-->	lmno,lmno	-->	
[21]	
abcd=abcd	20	0
