[0]	0,0	-->	
[1]	1,1	-->	
[2]	2,2	-->	
[3]	3,3	-->	
[4]	4,4	-->	
[5]	-15,-15	-->	5,5	-->	
[6]	-14,-14	-->	6,6	-->	
[7]	-13,-13	-->	7,7	-->	
[8]	-12,-12	-->	8,8	-->	
[9]	-11,-11	-->	9,9	-->	
[10]	-10,-10	-->	10,10	-->	
[11]	-9,-9	-->	11,11	-->	
[12]	-8,-8	-->	12,12	-->	
[13]	-7,-7	-->	13,13	-->	
[14]	-6,-6	-->	14,14	-->	
[15]	-5,-5	-->	
[16]	-4,-4	-->	
[17]	-3,-3	-->	
[18]	-2,-2	-->	
[19]	-1,-1	-->	
-4=-4	16	0
