[0]	
[1]	
[2]	
[3]	hijl,hijl	-->	
[4]	abcd,abcd	-->	
[5]	
[6]	
[7]	
[8]	bcde,bcde	-->	ijlm,ijlm	-->	
[9]	
[10]	
[11]	
[12]	cdef,cdef	-->	
[13]	jlmn,jlmn	-->	
[14]	
[15]	
[16]	defg,defg	-->	
[17]	
[18]	lmno,lmno	-->	
[19]	
[20]	efgh,efgh	-->	
[21]	
[22]	
[23]	
[24]	fghi,fghi	-->	
[25]	
[26]	
[27]	
[28]	ghij,ghij	-->	
[29]	
lmno=lmno	18	0
